// Jest Snapshot v1, https://goo.gl/fbAQLP

exports[`atoms/labels/Label renders correctly 1`] = `
<label
  className="block text-xs font-semibold text-gray-900"
>
  my label
</label>
`;
