// Jest Snapshot v1, https://goo.gl/fbAQLP

exports[`atoms/fields/text/TextField renders correctly field 1`] = `
<div
  data-testid="textfield-text-name"
>
  <label
    className="block text-xs font-semibold text-gray-900 mb-2"
    htmlFor="name"
  >
    label
  </label>
  <div
    className="relative"
  >
    <input
      className="w-full bg-white text-xs font-medium placeholder-gray-400 outline-none rounded-lg border border-gray-100 focus:border-primary-500 active:border-primary-500 pr-7 p-3"
      id="name"
      name="name"
      placeholder="placeholder"
      type="text"
      value="value"
    />
    <span
      className="absolute inset-y-0 right-0 pr-3 flex items-center text-sm leading-5 text-gray-400"
    >
      <svg
        fill="none"
        height="1em"
        stroke="currentColor"
        strokeLinecap="round"
        strokeLinejoin="round"
        strokeWidth="2"
        style={
          Object {
            "color": undefined,
          }
        }
        viewBox="0 0 24 24"
        width="1em"
        xmlns="http://www.w3.org/2000/svg"
      >
        <path
          d="M1 12s4-8 11-8 11 8 11 8-4 8-11 8-11-8-11-8z"
        />
        <circle
          cx="12"
          cy="12"
          r="3"
        />
      </svg>
    </span>
  </div>
</div>
`;

exports[`atoms/fields/text/TextField renders correctly skeleton 1`] = `
<div
  data-testid="textfield-text-name"
>
  <div
    className="animate-pulse bg-gray-100 rounded h-3 mt-1 mb-2 w-1/2 sm:w-1/4"
  />
  <div
    className="animate-pulse bg-gray-100 rounded-lg h-10"
  />
</div>
`;
